2025-05-28 10:29:29,713 - brain-age - INFO - Initializing configuration...
2025-05-28 10:29:29,913 - brain-age - INFO - Experiment: sfcn_t2
Config   : brain_age_pred/configs/sanity/sfcn_snellius_t2.yaml
2025-05-28 10:29:29,913 - brain-age - INFO - Initializing Weights & Biases...
2025-05-28 10:29:29,913 - brain-age - INFO - Setting up W&B tracking
2025-05-28 10:29:35,433 - brain-age - INFO - Setting up device...
2025-05-28 10:29:35,440 - brain-age - INFO - Using device: cuda
2025-05-28 10:29:35,442 - brain-age - INFO - Initializing domain randomization transforms...
2025-05-28 10:29:35,442 - brain-age - INFO - Domain randomization disabled
2025-05-28 10:29:35,443 - brain-age - INFO - Domain randomizer initialized: False
2025-05-28 10:29:35,444 - brain-age - INFO - Reading CSV files...
2025-05-28 10:29:35,445 - brain-age - INFO - Reading train CSV from brain_age_pred\data\labels\train_t1.csv
2025-05-28 10:29:36,061 - brain-age - INFO - Reading val CSV from brain_age_pred\data\labels\val_t1.csv
2025-05-28 10:29:36,146 - brain-age - INFO - Reading test CSV from brain_age_pred\data\labels\test_t1.csv
2025-05-28 10:29:36,376 - brain-age - INFO - Initializing datasets...
2025-05-28 10:29:36,376 - brain-age - INFO - Creating training dataset
2025-05-28 10:29:36,392 - brain-age - INFO - Creating validation dataset
2025-05-28 10:29:36,392 - brain-age - INFO - Creating test dataset
2025-05-28 10:29:36,392 - brain-age - INFO - Setting up sampler...
2025-05-28 10:29:36,392 - brain-age - INFO - Weighted random sampler initialized
2025-05-28 10:29:36,392 - brain-age - INFO - Setting up data loader parameters...
2025-05-28 10:29:36,392 - brain-age - INFO - Creating training data loader
2025-05-28 10:29:36,392 - brain-age - INFO - Creating validation data loader
2025-05-28 10:29:36,392 - brain-age - INFO - Train=1903  Val=212
2025-05-28 10:29:36,392 - brain-age - INFO - Initializing model...
2025-05-28 10:29:36,392 - brain-age - INFO - Creating SFCN model
2025-05-28 10:29:36,666 - brain-age - INFO - Setting up W&B model watching
2025-05-28 10:29:36,669 - brain-age - INFO - Initializing trainer...
2025-05-28 10:29:36,714 - brain-age - INFO - Trainer initialized
2025-05-28 10:29:36,714 - brain-age - INFO - Starting training...
2025-05-28 10:29:36,715 - brain-age - INFO - Beginning training loop
