2025-05-27 08:18:15,617 - brain-age - INFO - Initializing configuration...
2025-05-27 08:18:15,699 - brain-age - INFO - Experiment: sfcn_30_40
Config   : brain_age_pred/configs/sanity/sfcn_snellius_30_40.yaml
2025-05-27 08:18:15,699 - brain-age - INFO - Initializing Weights & Biases...
2025-05-27 08:18:15,699 - brain-age - INFO - Setting up W&B tracking
2025-05-27 08:18:17,306 - brain-age - INFO - Setting up device...
2025-05-27 08:18:17,307 - brain-age - INFO - Using device: cuda
2025-05-27 08:18:17,307 - brain-age - INFO - Initializing domain randomization transforms...
2025-05-27 08:18:17,308 - brain-age - INFO - Domain randomizer initialized:False
2025-05-27 08:18:17,308 - brain-age - INFO - Reading CSV files...
2025-05-27 08:18:17,309 - brain-age - INFO - Reading train CSV from brain_age_pred\data\labels\train_30_40.csv
2025-05-27 08:18:17,606 - brain-age - INFO - Reading val CSV from brain_age_pred\data\labels\val_30_40.csv
2025-05-27 08:18:17,682 - brain-age - INFO - Reading test CSV from brain_age_pred\data\labels\test_30_40.csv
2025-05-27 08:18:17,778 - brain-age - INFO - Initializing datasets...
2025-05-27 08:18:17,795 - brain-age - INFO - Creating training dataset
2025-05-27 08:18:17,795 - brain-age - INFO - Creating validation dataset
2025-05-27 08:18:17,796 - brain-age - INFO - Creating test dataset
2025-05-27 08:18:17,797 - brain-age - INFO - Setting up sampler...
2025-05-27 08:18:17,798 - brain-age - INFO - Weighted random sampler initialized
2025-05-27 08:18:17,798 - brain-age - INFO - Setting up data loader parameters...
2025-05-27 08:18:17,799 - brain-age - INFO - Creating training data loader
2025-05-27 08:18:17,799 - brain-age - INFO - Creating validation data loader
2025-05-27 08:18:17,800 - brain-age - INFO - Train=602  Val=61
2025-05-27 08:18:17,801 - brain-age - INFO - Initializing model...
2025-05-27 08:18:17,802 - brain-age - INFO - Creating SFCN model
2025-05-27 08:18:18,037 - brain-age - INFO - Setting up W&B model watching
2025-05-27 08:18:18,039 - brain-age - INFO - Initializing trainer...
2025-05-27 08:18:18,092 - brain-age - INFO - Trainer initialized
2025-05-27 08:18:18,092 - brain-age - INFO - Starting training...
2025-05-27 08:18:18,093 - brain-age - INFO - Beginning training loop
2025-05-27 15:24:38,668 - brain-age - INFO - Training finished in 25580.6s
2025-05-27 15:24:38,681 - brain-age - INFO - Evaluating model...
2025-05-27 15:28:59,833 - brain-age - INFO - Evaluation results: {'mae': 3.2761001586914062, 'mse': 16.883682250976562, 'rmse': 4.108975815331183, 'r2': -0.6956764459609985, 'brain_age_delta': -2.1926918, 'correlation': 0.032630445645086804, 'mae_30_40': 3.040195941925049, 'mae_40_50': 8.2890625, 'loss': 3.2276539311689487}
2025-05-27 15:29:01,299 - brain-age - INFO - All done.
