2025-05-27 15:29:35,211 - brain-age - INFO - Initializing configuration...
2025-05-27 15:29:35,343 - brain-age - INFO - Experiment: sfcn_60_70
Config   : brain_age_pred/configs/sanity/sfcn_snellius_60_70.yaml
2025-05-27 15:29:35,343 - brain-age - INFO - Initializing Weights & Biases...
2025-05-27 15:29:35,343 - brain-age - INFO - Setting up W&B tracking
2025-05-27 15:29:40,392 - brain-age - INFO - Setting up device...
2025-05-27 15:29:40,394 - brain-age - INFO - Using device: cuda
2025-05-27 15:29:40,395 - brain-age - INFO - Initializing domain randomization transforms...
2025-05-27 15:29:40,395 - brain-age - INFO - Domain randomizer initialized:False
2025-05-27 15:29:40,396 - brain-age - INFO - Reading CSV files...
2025-05-27 15:29:40,397 - brain-age - INFO - Reading train CSV from brain_age_pred\data\labels\train_60_70.csv
2025-05-27 15:29:40,843 - brain-age - INFO - Reading val CSV from brain_age_pred\data\labels\val_60_70.csv
2025-05-27 15:29:40,901 - brain-age - INFO - Reading test CSV from brain_age_pred\data\labels\test_60_70.csv
2025-05-27 15:29:41,049 - brain-age - INFO - Initializing datasets...
2025-05-27 15:29:41,060 - brain-age - INFO - Creating training dataset
2025-05-27 15:29:41,061 - brain-age - INFO - Creating validation dataset
2025-05-27 15:29:41,061 - brain-age - INFO - Creating test dataset
2025-05-27 15:29:41,061 - brain-age - INFO - Setting up sampler...
2025-05-27 15:29:41,063 - brain-age - INFO - Weighted random sampler initialized
2025-05-27 15:29:41,063 - brain-age - INFO - Setting up data loader parameters...
2025-05-27 15:29:41,064 - brain-age - INFO - Creating training data loader
2025-05-27 15:29:41,066 - brain-age - INFO - Creating validation data loader
2025-05-27 15:29:41,066 - brain-age - INFO - Train=1014  Val=112
2025-05-27 15:29:41,067 - brain-age - INFO - Initializing model...
2025-05-27 15:29:41,067 - brain-age - INFO - Creating SFCN model
2025-05-27 15:29:41,277 - brain-age - INFO - Setting up W&B model watching
2025-05-27 15:29:41,278 - brain-age - INFO - Initializing trainer...
2025-05-27 15:29:41,378 - brain-age - INFO - Trainer initialized
2025-05-27 15:29:41,379 - brain-age - INFO - Starting training...
2025-05-27 15:29:41,379 - brain-age - INFO - Beginning training loop
2025-05-28 03:04:58,604 - brain-age - INFO - Training finished in 41717.2s
2025-05-28 03:04:58,622 - brain-age - INFO - Evaluating model...
